// Jest Snapshot v1, https://goo.gl/fbAQLP

exports[`renders without throwing 1`] = `
<div
  className="container"
>
  <h1>
    Content Model Graph
  </h1>
  <SwitchMock
    checked={false}
    label="Show fields"
    onChange={[Function]}
  />
  <div
    className="wrapper"
    dangerouslySetInnerHTML={
      Object {
        "__html": "",
      }
    }
  />
</div>
`;
